ffffffffffffe6d9 ffffffffffffeab3 fffffffffffff18f fffffffffffff565 fffffffffffff68d fffffffffffff70e fffffffffffffb18 000000000000036c 00000000000003b7 000000000000076b 0000000000000ab2 0000000000000f33 0000000000000f7b 0000000000001290 00000000000014f3 0000000000001846 0000000000001d41 00000000000023a9 0000000000002706 
