test_files/0X20.input: ASCII text, with no line terminators
