test_files/0X7F.input: International EBCDIC text, with no line terminators
