test_files/hemmelig.input: ASCII text, with no line terminators
