test_files/testlowerboarder.input: ASCII text, with no line terminators
