test_files/within8to13.input: ASCII text, with no line terminators, with overstriking
